Using pre-set license
Built from '2022.3/staging' branch; Version is '2022.3.38f1 (c5d5a7410213) revision 12965287'; Using compiler version '192829333'; Build Type 'Release'
OS: 'Windows 11  (10.0.26100) 64bit Core' Language: 'en' Physical Memory: 32607 MB
BatchMode: 1, IsHumanControllingUs: 0, StartBugReporterOnCrash: 0, Is64bit: 1, IsPro: 1

COMMAND LINE ARGUMENTS:
C:\Program Files\Unity 2022.3.38f1\Editor\Unity.exe
-adb2
-batchMode
-noUpm
-name
AssetImportWorker0
-projectPath
C:/Users/rdlan/OneDrive/Unity/Zombe game
-logFile
Logs/AssetImportWorker0.log
-srvPort
63307
Successfully changed project path to: C:/Users/rdlan/OneDrive/Unity/Zombe game
C:/Users/rdlan/OneDrive/Unity/Zombe game
[UnityMemory] Configuration Parameters - Can be set up in boot.config
    "memorysetup-bucket-allocator-granularity=16"
    "memorysetup-bucket-allocator-bucket-count=8"
    "memorysetup-bucket-allocator-block-size=33554432"
    "memorysetup-bucket-allocator-block-count=8"
    "memorysetup-main-allocator-block-size=16777216"
    "memorysetup-thread-allocator-block-size=16777216"
    "memorysetup-gfx-main-allocator-block-size=16777216"
    "memorysetup-gfx-thread-allocator-block-size=16777216"
    "memorysetup-cache-allocator-block-size=4194304"
    "memorysetup-typetree-allocator-block-size=2097152"
    "memorysetup-profiler-bucket-allocator-granularity=16"
    "memorysetup-profiler-bucket-allocator-bucket-count=8"
    "memorysetup-profiler-bucket-allocator-block-size=33554432"
    "memorysetup-profiler-bucket-allocator-block-count=8"
    "memorysetup-profiler-allocator-block-size=16777216"
    "memorysetup-profiler-editor-allocator-block-size=1048576"
    "memorysetup-temp-allocator-size-main=16777216"
    "memorysetup-job-temp-allocator-block-size=2097152"
    "memorysetup-job-temp-allocator-block-size-background=1048576"
    "memorysetup-job-temp-allocator-reduction-small-platforms=262144"
    "memorysetup-allocator-temp-initial-block-size-main=262144"
    "memorysetup-allocator-temp-initial-block-size-worker=262144"
    "memorysetup-temp-allocator-size-background-worker=32768"
    "memorysetup-temp-allocator-size-job-worker=262144"
    "memorysetup-temp-allocator-size-preload-manager=33554432"
    "memorysetup-temp-allocator-size-nav-mesh-worker=65536"
    "memorysetup-temp-allocator-size-audio-worker=65536"
    "memorysetup-temp-allocator-size-cloud-worker=32768"
    "memorysetup-temp-allocator-size-gi-baking-worker=262144"
    "memorysetup-temp-allocator-size-gfx=262144"
Player connection [23368]  Target information:

Player connection [23368]  * "[IP] 11.41.255.10 [Port] 0 [Flags] 2 [Guid] 1095745283 [EditorId] 1095745283 [Version] 1048832 [Id] WindowsEditor(7,DaPC) [Debug] 1 [PackageName] WindowsEditor [ProjectName] Editor" 

Player connection [23368] Host joined multi-casting on [225.0.0.222:54997]...
Player connection [23368] Host joined alternative multi-casting on [225.0.0.222:34997]...
[PhysX] Initialized MultithreadedTaskDispatcher with 28 workers.
Refreshing native plugins compatible for Editor in 5.96 ms, found 4 plugins.
Preloading 0 native plugins for Editor in 0.00 ms.
Initialize engine version: 2022.3.38f1 (c5d5a7410213)
[Subsystems] Discovering subsystems at path C:/Program Files/Unity 2022.3.38f1/Editor/Data/Resources/UnitySubsystems
[Subsystems] Discovering subsystems at path C:/Users/rdlan/OneDrive/Unity/Zombe game/Assets
GfxDevice: creating device client; threaded=0; jobified=0
Direct3D:
    Version:  Direct3D 11.0 [level 11.1]
    Renderer: NVIDIA GeForce RTX 4060 (ID=0x2882)
    Vendor:   NVIDIA
    VRAM:     7957 MB
    Driver:   32.0.15.7283
Initialize mono
Mono path[0] = 'C:/Program Files/Unity 2022.3.38f1/Editor/Data/Managed'
Mono path[1] = 'C:/Program Files/Unity 2022.3.38f1/Editor/Data/MonoBleedingEdge/lib/mono/unityjit-win32'
Mono config path = 'C:/Program Files/Unity 2022.3.38f1/Editor/Data/MonoBleedingEdge/etc'
Using monoOptions --debugger-agent=transport=dt_socket,embedding=1,server=y,suspend=n,address=127.0.0.1:56072
Begin MonoManager ReloadAssembly
Registering precompiled unity dll's ...
Register platform support module: C:/Program Files/Unity 2022.3.38f1/Editor/Data/PlaybackEngines/WindowsStandaloneSupport/UnityEditor.WindowsStandalone.Extensions.dll
Registered in 0.004107 seconds.
- Loaded All Assemblies, in  0.241 seconds
Native extension for WindowsStandalone target not found
Mono: successfully reloaded assembly
- Finished resetting the current domain, in  0.176 seconds
Domain Reload Profiling: 416ms
	BeginReloadAssembly (75ms)
		ExecutionOrderSort (0ms)
		DisableScriptedObjects (0ms)
		BackupInstance (0ms)
		ReleaseScriptingObjects (0ms)
		CreateAndSetChildDomain (0ms)
	RebuildCommonClasses (23ms)
	RebuildNativeTypeToScriptingClass (7ms)
	initialDomainReloadingComplete (39ms)
	LoadAllAssembliesAndSetupDomain (96ms)
		LoadAssemblies (74ms)
		RebuildTransferFunctionScriptingTraits (0ms)
		AnalyzeDomain (95ms)
			TypeCache.Refresh (94ms)
				TypeCache.ScanAssembly (85ms)
			ScanForSourceGeneratedMonoScriptInfo (0ms)
			ResolveRequiredComponents (0ms)
	FinalizeReload (176ms)
		ReleaseScriptCaches (0ms)
		RebuildScriptCaches (0ms)
		SetupLoadedEditorAssemblies (139ms)
			LogAssemblyErrors (0ms)
			InitializePlatformSupportModulesInManaged (6ms)
			SetLoadedEditorAssemblies (5ms)
			RefreshPlugins (0ms)
			BeforeProcessingInitializeOnLoad (1ms)
			ProcessInitializeOnLoadAttributes (96ms)
			ProcessInitializeOnLoadMethodAttributes (31ms)
			AfterProcessingInitializeOnLoad (0ms)
			EditorAssembliesLoaded (0ms)
		ExecutionOrderSort2 (0ms)
		AwakeInstancesAfterBackupRestoration (0ms)
========================================================================
Worker process is ready to serve import requests
Begin MonoManager ReloadAssembly
- Loaded All Assemblies, in  0.442 seconds
Refreshing native plugins compatible for Editor in 3.43 ms, found 4 plugins.
Native extension for WindowsStandalone target not found
Mono: successfully reloaded assembly
- Finished resetting the current domain, in  0.459 seconds
Domain Reload Profiling: 899ms
	BeginReloadAssembly (98ms)
		ExecutionOrderSort (0ms)
		DisableScriptedObjects (3ms)
		BackupInstance (0ms)
		ReleaseScriptingObjects (0ms)
		CreateAndSetChildDomain (14ms)
	RebuildCommonClasses (22ms)
	RebuildNativeTypeToScriptingClass (6ms)
	initialDomainReloadingComplete (29ms)
	LoadAllAssembliesAndSetupDomain (283ms)
		LoadAssemblies (213ms)
		RebuildTransferFunctionScriptingTraits (0ms)
		AnalyzeDomain (128ms)
			TypeCache.Refresh (110ms)
				TypeCache.ScanAssembly (100ms)
			ScanForSourceGeneratedMonoScriptInfo (13ms)
			ResolveRequiredComponents (4ms)
	FinalizeReload (460ms)
		ReleaseScriptCaches (0ms)
		RebuildScriptCaches (0ms)
		SetupLoadedEditorAssemblies (358ms)
			LogAssemblyErrors (0ms)
			InitializePlatformSupportModulesInManaged (4ms)
			SetLoadedEditorAssemblies (3ms)
			RefreshPlugins (0ms)
			BeforeProcessingInitializeOnLoad (47ms)
			ProcessInitializeOnLoadAttributes (286ms)
			ProcessInitializeOnLoadMethodAttributes (13ms)
			AfterProcessingInitializeOnLoad (4ms)
			EditorAssembliesLoaded (0ms)
		ExecutionOrderSort2 (0ms)
		AwakeInstancesAfterBackupRestoration (4ms)
Launched and connected shader compiler UnityShaderCompiler.exe after 0.03 seconds
Refreshing native plugins compatible for Editor in 5.03 ms, found 4 plugins.
Preloading 0 native plugins for Editor in 0.00 ms.
Unloading 4116 Unused Serialized files (Serialized files now loaded: 0)
Unloading 49 unused Assets / (117.8 KB). Loaded Objects now: 4578.
Memory consumption went from 151.9 MB to 151.8 MB.
Total: 2.907300 ms (FindLiveObjects: 0.372900 ms CreateObjectMapping: 0.104200 ms MarkObjects: 2.298300 ms  DeleteObjects: 0.131000 ms)

AssetImportParameters requested are different than current active one (requested -> active):
  custom:container-demuxer-ogg: 62fdf1f143b41e24485cea50d1cbac27 -> 
  custom:video-codec-MediaFoundation-h265: 746d11721c4dcdbdad8f713fa42b33f4 -> 
  custom:video-decoder-ogg-theora: a1e56fd34408186e4bbccfd4996cb3dc -> 
  custom:framework-win-MediaFoundation: 216162199b28c13a410421893ffa2e32 -> 
  custom:CustomObjectIndexerAttribute: 9a22284fe3817be447336de3de66b15e -> 
  custom:container-demuxer-webm: 4f35f7cbe854078d1ac9338744f61a02 -> 
  custom:container-muxer-webm: aa71ff27fc2769a1b78a27578f13a17b -> 
  custom:video-decoder-webm-vp8: 9c59270c3fd7afecdb556c50c9e8de78 -> 
  custom:SearchIndexIgnoredProperties: e643bd26f0fe6173181afceb89e7c659 -> 
  custom:AudioImporter_EditorPlatform: d09bf68614088b80899f8185d706f6e7 -> 
  custom:video-encoder-webm-vp8: eb34c28f22e8b96e1ab97ce403110664 -> 
  custom:audio-decoder-ogg-vorbis: bf7c407c2cedff20999df2af8eb42d56 -> 
  custom:audio-encoder-webm-vorbis: bf7c407c2cedff20999df2af8eb42d56 -> 
========================================================================
Received Import Request.
  Time since last request: 193601.453352 seconds.
  path: Assets/Buildings/Center_Tower_Base.fbx
  artifactKey: Guid(22a298a23675e374c96b50971564c6ff) Importer(815301076,1909f56bfc062723c751e8b465ee728b)
Start importing Assets/Buildings/Center_Tower_Base.fbx using Guid(22a298a23675e374c96b50971564c6ff) Importer(815301076,1909f56bfc062723c751e8b465ee728b) [PhysX] Initialized MultithreadedTaskDispatcher with 28 workers.
[PhysX] Initialized MultithreadedTaskDispatcher with 28 workers.
[PhysX] Initialized MultithreadedTaskDispatcher with 28 workers.
[PhysX] Initialized MultithreadedTaskDispatcher with 28 workers.
[PhysX] Initialized MultithreadedTaskDispatcher with 28 workers.
 -> (artifact id: 'dcfb370c4b84d122e1327cbf1cce0144') in 0.106311 seconds
Number of updated asset objects reloaded before import = 0
Number of asset objects unloaded after import = 10
========================================================================
Received Import Request.
  Time since last request: 144.515382 seconds.
  path: Assets/Textures/Buiding/C_Tower_Base.mat
  artifactKey: Guid(d3f3f77d23cc5df439d6dd6dcf9d4de3) Importer(815301076,1909f56bfc062723c751e8b465ee728b)
Start importing Assets/Textures/Buiding/C_Tower_Base.mat using Guid(d3f3f77d23cc5df439d6dd6dcf9d4de3) Importer(815301076,1909f56bfc062723c751e8b465ee728b) [PhysX] Initialized MultithreadedTaskDispatcher with 28 workers.
[PhysX] Initialized MultithreadedTaskDispatcher with 28 workers.
 -> (artifact id: '01c90da8c72f578f472f9ece0d8e10e3') in 0.011365 seconds
Number of updated asset objects reloaded before import = 0
Number of asset objects unloaded after import = 1
========================================================================
Received Import Request.
  Time since last request: 2.727876 seconds.
  path: Assets/FoodAndGrocery/Items/Avocado/AvocadoUV.png
  artifactKey: Guid(e38d7d321d62b5e4aa20f841dcec68e5) Importer(815301076,1909f56bfc062723c751e8b465ee728b)
Start importing Assets/FoodAndGrocery/Items/Avocado/AvocadoUV.png using Guid(e38d7d321d62b5e4aa20f841dcec68e5) Importer(815301076,1909f56bfc062723c751e8b465ee728b) [PhysX] Initialized MultithreadedTaskDispatcher with 28 workers.
[PhysX] Initialized MultithreadedTaskDispatcher with 28 workers.
 -> (artifact id: '62f29d92e7efeccad1cae5cd93bdd63d') in 0.019178 seconds
Number of updated asset objects reloaded before import = 0
Number of asset objects unloaded after import = 2
========================================================================
Received Import Request.
  Time since last request: 0.289138 seconds.
  path: Assets/Textures/Maps/Center_Tower_Base.png
  artifactKey: Guid(e911662e8ef17a945900334a1f3a80d6) Importer(815301076,1909f56bfc062723c751e8b465ee728b)
Start importing Assets/Textures/Maps/Center_Tower_Base.png using Guid(e911662e8ef17a945900334a1f3a80d6) Importer(815301076,1909f56bfc062723c751e8b465ee728b) [PhysX] Initialized MultithreadedTaskDispatcher with 28 workers.
[PhysX] Initialized MultithreadedTaskDispatcher with 28 workers.
 -> (artifact id: '384359959b83643a5c6d64372e7954c4') in 0.018642 seconds
Number of updated asset objects reloaded before import = 0
Number of asset objects unloaded after import = 2
========================================================================
Received Import Request.
  Time since last request: 193.553905 seconds.
  path: Assets/Textures/Buiding/New Material 1.mat
  artifactKey: Guid(6f58116283a8b8f4cba2c32d29eb7b56) Importer(815301076,1909f56bfc062723c751e8b465ee728b)
Start importing Assets/Textures/Buiding/New Material 1.mat using Guid(6f58116283a8b8f4cba2c32d29eb7b56) Importer(815301076,1909f56bfc062723c751e8b465ee728b) [PhysX] Initialized MultithreadedTaskDispatcher with 28 workers.
[PhysX] Initialized MultithreadedTaskDispatcher with 28 workers.
 -> (artifact id: 'a8d6ace0043468174a90ecef6b037897') in 0.035513 seconds
Number of updated asset objects reloaded before import = 0
Number of asset objects unloaded after import = 1
========================================================================
Received Import Request.
  Time since last request: 25.550658 seconds.
  path: Assets/Textures/Buiding/Center_Tover_Mid.mat
  artifactKey: Guid(6f58116283a8b8f4cba2c32d29eb7b56) Importer(815301076,1909f56bfc062723c751e8b465ee728b)
Start importing Assets/Textures/Buiding/Center_Tover_Mid.mat using Guid(6f58116283a8b8f4cba2c32d29eb7b56) Importer(815301076,1909f56bfc062723c751e8b465ee728b) [PhysX] Initialized MultithreadedTaskDispatcher with 28 workers.
[PhysX] Initialized MultithreadedTaskDispatcher with 28 workers.
 -> (artifact id: '944d2096b263c7fc473c2a0a9afb111b') in 0.010331 seconds
Number of updated asset objects reloaded before import = 0
Number of asset objects unloaded after import = 1
========================================================================
Received Import Request.
  Time since last request: 5328.406336 seconds.
  path: Assets/Textures/Buiding/C_Tower_Base.mat
  artifactKey: Guid(d3f3f77d23cc5df439d6dd6dcf9d4de3) Importer(815301076,1909f56bfc062723c751e8b465ee728b)
Start importing Assets/Textures/Buiding/C_Tower_Base.mat using Guid(d3f3f77d23cc5df439d6dd6dcf9d4de3) Importer(815301076,1909f56bfc062723c751e8b465ee728b) [PhysX] Initialized MultithreadedTaskDispatcher with 28 workers.
[PhysX] Initialized MultithreadedTaskDispatcher with 28 workers.
 -> (artifact id: 'b33f5a9c3bc8d27b3fe3841b9bb0b569') in 0.022665 seconds
Number of updated asset objects reloaded before import = 0
Number of asset objects unloaded after import = 2
========================================================================
Received Import Request.
  Time since last request: 59.134783 seconds.
  path: Assets/Misc/FastMesh/Prefabs/Road
  artifactKey: Guid(f2738bd59858a8b4ba306712d658c24e) Importer(815301076,1909f56bfc062723c751e8b465ee728b)
Start importing Assets/Misc/FastMesh/Prefabs/Road using Guid(f2738bd59858a8b4ba306712d658c24e) Importer(815301076,1909f56bfc062723c751e8b465ee728b) [PhysX] Initialized MultithreadedTaskDispatcher with 28 workers.
 -> (artifact id: '99b8f7932c2d1f6e6661d5d5fb06d9c9') in 0.001765 seconds
Number of updated asset objects reloaded before import = 0
Number of asset objects unloaded after import = 0
========================================================================
Received Import Request.
  Time since last request: 0.109573 seconds.
  path: Assets/Misc/FastMesh/Prefabs/Road/DirectionalSign.prefab
  artifactKey: Guid(965965124f638dd4dbc21a204a80876a) Importer(815301076,1909f56bfc062723c751e8b465ee728b)
Start importing Assets/Misc/FastMesh/Prefabs/Road/DirectionalSign.prefab using Guid(965965124f638dd4dbc21a204a80876a) Importer(815301076,1909f56bfc062723c751e8b465ee728b) [PhysX] Initialized MultithreadedTaskDispatcher with 28 workers.
[PhysX] Initialized MultithreadedTaskDispatcher with 28 workers.
 -> (artifact id: '534bb832f54ab87f5625a8bd67b2a1c0') in 0.026552 seconds
Number of updated asset objects reloaded before import = 0
Number of asset objects unloaded after import = 23
========================================================================
Received Import Request.
  Time since last request: 0.000018 seconds.
  path: Assets/Misc/FastMesh/Prefabs/Road/ParkingBollard.prefab
  artifactKey: Guid(84062c9556b3cef4f8aa9a210cba155b) Importer(815301076,1909f56bfc062723c751e8b465ee728b)
Start importing Assets/Misc/FastMesh/Prefabs/Road/ParkingBollard.prefab using Guid(84062c9556b3cef4f8aa9a210cba155b) Importer(815301076,1909f56bfc062723c751e8b465ee728b) [PhysX] Initialized MultithreadedTaskDispatcher with 28 workers.
[PhysX] Initialized MultithreadedTaskDispatcher with 28 workers.
 -> (artifact id: '402253afccd42c54285bef3a3aaf4e40') in 0.015707 seconds
Number of updated asset objects reloaded before import = 0
Number of asset objects unloaded after import = 21
========================================================================
Received Import Request.
  Time since last request: 0.003229 seconds.
  path: Assets/Misc/FastMesh/Prefabs/Road/RoadBarrier-1.prefab
  artifactKey: Guid(d4f40363aa44ea649ac792f348b8c36a) Importer(815301076,1909f56bfc062723c751e8b465ee728b)
Start importing Assets/Misc/FastMesh/Prefabs/Road/RoadBarrier-1.prefab using Guid(d4f40363aa44ea649ac792f348b8c36a) Importer(815301076,1909f56bfc062723c751e8b465ee728b) [PhysX] Initialized MultithreadedTaskDispatcher with 28 workers.
[PhysX] Initialized MultithreadedTaskDispatcher with 28 workers.
 -> (artifact id: '0798e60993ab0764d94b992926c9f5de') in 0.035224 seconds
Number of updated asset objects reloaded before import = 0
Number of asset objects unloaded after import = 29
========================================================================
Received Import Request.
  Time since last request: 0.000017 seconds.
  path: Assets/Misc/FastMesh/Prefabs/Road/RoadSigns-1.prefab
  artifactKey: Guid(aa3aa302614b5ef43b6363676a43bee0) Importer(815301076,1909f56bfc062723c751e8b465ee728b)
Start importing Assets/Misc/FastMesh/Prefabs/Road/RoadSigns-1.prefab using Guid(aa3aa302614b5ef43b6363676a43bee0) Importer(815301076,1909f56bfc062723c751e8b465ee728b) [PhysX] Initialized MultithreadedTaskDispatcher with 28 workers.
[PhysX] Initialized MultithreadedTaskDispatcher with 28 workers.
 -> (artifact id: '8ccc35f07fc3c14a91b49e9acf4e0274') in 0.024067 seconds
Number of updated asset objects reloaded before import = 0
Number of asset objects unloaded after import = 22
========================================================================
Received Import Request.
  Time since last request: 0.003078 seconds.
  path: Assets/Misc/FastMesh/Prefabs/Road/StreetSign-1.prefab
  artifactKey: Guid(c8e29b986b943f548bca7e79c17c6446) Importer(815301076,1909f56bfc062723c751e8b465ee728b)
Start importing Assets/Misc/FastMesh/Prefabs/Road/StreetSign-1.prefab using Guid(c8e29b986b943f548bca7e79c17c6446) Importer(815301076,1909f56bfc062723c751e8b465ee728b) [PhysX] Initialized MultithreadedTaskDispatcher with 28 workers.
[PhysX] Initialized MultithreadedTaskDispatcher with 28 workers.
 -> (artifact id: '236ab7abc1ca054df273653f9dd4cedf') in 0.068299 seconds
Number of updated asset objects reloaded before import = 0
Number of asset objects unloaded after import = 86
========================================================================
Received Import Request.
  Time since last request: 0.000021 seconds.
  path: Assets/Misc/FastMesh/Prefabs/Road/TrashCan.prefab
  artifactKey: Guid(3028e9edef244d648af9e8e5dc609fbb) Importer(815301076,1909f56bfc062723c751e8b465ee728b)
Start importing Assets/Misc/FastMesh/Prefabs/Road/TrashCan.prefab using Guid(3028e9edef244d648af9e8e5dc609fbb) Importer(815301076,1909f56bfc062723c751e8b465ee728b) [PhysX] Initialized MultithreadedTaskDispatcher with 28 workers.
[PhysX] Initialized MultithreadedTaskDispatcher with 28 workers.
 -> (artifact id: '249a7837a62c361620c21af8c35627d7') in 0.020293 seconds
Number of updated asset objects reloaded before import = 0
Number of asset objects unloaded after import = 27
========================================================================
Received Import Request.
  Time since last request: 0.000017 seconds.
  path: Assets/Misc/FastMesh/Prefabs/Road/RoadBollard-2.prefab
  artifactKey: Guid(0fcf5ed4320cbf34eb528faecdc7565d) Importer(815301076,1909f56bfc062723c751e8b465ee728b)
Start importing Assets/Misc/FastMesh/Prefabs/Road/RoadBollard-2.prefab using Guid(0fcf5ed4320cbf34eb528faecdc7565d) Importer(815301076,1909f56bfc062723c751e8b465ee728b) [PhysX] Initialized MultithreadedTaskDispatcher with 28 workers.
[PhysX] Initialized MultithreadedTaskDispatcher with 28 workers.
 -> (artifact id: '4961d4afca6fe23183339e8b8b6068be') in 0.018361 seconds
Number of updated asset objects reloaded before import = 0
Number of asset objects unloaded after import = 28
========================================================================
Received Import Request.
  Time since last request: 0.000018 seconds.
  path: Assets/Misc/FastMesh/Prefabs/Road/TrafficCones.prefab
  artifactKey: Guid(3a5df9f18409e7c439c513e6d67a378c) Importer(815301076,1909f56bfc062723c751e8b465ee728b)
Start importing Assets/Misc/FastMesh/Prefabs/Road/TrafficCones.prefab using Guid(3a5df9f18409e7c439c513e6d67a378c) Importer(815301076,1909f56bfc062723c751e8b465ee728b) [PhysX] Initialized MultithreadedTaskDispatcher with 28 workers.
[PhysX] Initialized MultithreadedTaskDispatcher with 28 workers.
 -> (artifact id: '07f35330956b456af43f1a9b7a648d10') in 0.020169 seconds
Number of updated asset objects reloaded before import = 0
Number of asset objects unloaded after import = 22
========================================================================
Received Import Request.
  Time since last request: 0.000016 seconds.
  path: Assets/Misc/FastMesh/Prefabs/Road/LampPost-2.prefab
  artifactKey: Guid(e862a2795adc9564f92160c9ccf84f8f) Importer(815301076,1909f56bfc062723c751e8b465ee728b)
Start importing Assets/Misc/FastMesh/Prefabs/Road/LampPost-2.prefab using Guid(e862a2795adc9564f92160c9ccf84f8f) Importer(815301076,1909f56bfc062723c751e8b465ee728b) [PhysX] Initialized MultithreadedTaskDispatcher with 28 workers.
[PhysX] Initialized MultithreadedTaskDispatcher with 28 workers.
 -> (artifact id: 'a843f9f96ab512b574ad0c867b2c5891') in 0.017879 seconds
Number of updated asset objects reloaded before import = 0
Number of asset objects unloaded after import = 27
Editor requested this worker to shutdown with reason: Scaling down because of idle timeout
TcpMessagingSession - receive error: operation aborted. errorcode: 995, details: The I/O operation has been aborted because of either a thread exit or an application request.
AssetImportWorker is now disconnected from the server
Process exiting
Exiting without the bug reporter. Application will terminate with return code 0